INICIO 2026-09-26 13:44:27
asignar_responsable_unico_evolucion_planificada rc=0 segundos=398
acoger_inspectores_externos_fuente_aprendizaje rc=0 segundos=551
aplicar_ejercicio_codigo_genetico_control rc=0 segundos=791
cambiar_forma_trabajar_conservar_plantilla rc=0 segundos=1193
auditar_formacion_premios_ultima_fila rc=0 segundos=1225
ceder_control_reforzar_competencia_claridad rc=0 segundos=863
contar_firmas_cadena_tramite_parado rc=0 segundos=940
eliminar_seguimiento_descendente_responsabilizar_dueno rc=0 segundos=416
declarar_intencion_reemplazar_peticion_permiso rc=0 segundos=900
encargar_meta_especifica_dejar_libre_metodo rc=0 segundos=765
identificar_temas_formacion_tarjetas_decision rc=0 segundos=962
observar_reunion_rutinaria_senales_plantilla rc=0 segundos=762
inspeccionar_reparto_informacion_notas_jefe rc=0 segundos=983
informar_cierre_jornada_conservar_propiedad_trabajo rc=0 segundos=1184
recorrer_organizacion_escuchar_plantilla rc=0 segundos=871
reforzar_principios_guia_lenguaje_prueba_conocimiento rc=0 segundos=642
repetir_mensaje_invariable_diario_reunion_evento rc=0 segundos=463
resistir_dar_solucion_clasificar_decision_urgencia rc=0 segundos=676
seguir_frustrado_preguntar_implantacion_ideas rc=0 segundos=860
tomar_accion_deliberada_pausar_vocalizar_gesticular rc=0 segundos=700
TODOS TERMINADOS 2026-09-26 14:43:48
