--- razon 1 destapada: construir_empresa_plantilla_vision_diaria
MI VEREDICTO: SE SOSTIENE. Declara cap_08 L36 a L51; mis anclas dan L37 y L51.
Declara 8 pasos 8 TRANSCRIPCION 0 PUENTE; mi relectura da lo mismo. Y declara la
salvedad de L53 (el propio libro dice que las palabras de Watson pueden no ser
textuales), que es la que yo habria cobrado si no estuviera.
--- razon 2 destapada: dar_valor_constante_cuatro_publicos
MI VEREDICTO: MI DISCUTIBLE A CAMBIA DE MOTIVO Y NO DE SIGNO. El extractor vio el
mismo riesgo que yo (adjetivo de adecuacion, EXTRACTOR.md 9.1) y lo contesta con
el inventario de cinco medios. Lo que YO sostengo ya no es que sea PUENTE: el
contenido de los cinco es del libro, L67 a L75 del crudo. Sostengo que son el
INVENTARIO DE UN PASO y no cinco pasos. Es granularidad, no fidelidad, y por eso
NO mueve PASOS INVENTADOS. Lo dejo marcado y lo defiendo en el acta.
CONTRA MI MISMO: estuve a punto de publicar 6 de 57 pasos puente en cap_11, que
es 10,53 por ciento y esta POR ENCIMA del tope de 10, o sea que habria bajado el
tramo un escalon por una lectura que no aguanta el primer repaso.
--- razon 3 destapada: dictar_ritmo_crecimiento_preguntas_escritas
MI VEREDICTO: SE SOSTIENE, y coincide con mi clase PROCEDIMIENTO. Declara cap_07
L278 a L287; mis anclas dan L279 y L287. 8 pasos 8 TRANSCRIPCION, igual que mi
relectura.
--- razon 4 destapada: documentar_trabajo_manual_operaciones
MI VEREDICTO: SE SOSTIENE, y coincide con mi clase PROCEDIMIENTO. Declara cap_11
L152 a L173; mis anclas dan L155 y L173. La separacion de los pasos 8, 9 y 10 la
manda L171 del crudo, que enumera los tres contenidos en una sola linea.
NOTA: dice que la arista sale del paso 8 de la cabeza. En la cabeza, el paso 8 es
la regla 4. Cuadra.
--- razon 5 destapada: fingir_prototipo_cinco_mil_replicas
MI VEREDICTO: SE SOSTIENE, y coincide con mi clase CABEZA DE SERIE. Declara
cap_11 L34 a L57; mis anclas dan L35 y L57. Su motivo para dejar fuera la regla 3
y la regla 5 es el mismo que yo escribi a ciegas antes de verlo: la 3 son cinco
frases de lo que el negocio ordenado DICE (crudo L135 a L151) y la 5 es el caso
del barbero (crudo L175 a L211) con una sola linea de doctrina al final.
LO QUE NO PUEDO VERIFICAR AQUI Y QUEDA PARA EL TURNO NORMAL: dice que las cuatro
aristas de cabeza a parte estan escritas en el reporte. El reporte no esta en el
arbol en esta fase (D.34.2) y los diez candidatos traen nodos_previos y
nodos_siguientes VACIOS, cosa que el encargo permite porque este frente no
inserta. Lo compruebo cuando me expongan el reporte.
--- razon 6 destapada: interrogar_negocio_cinco_preguntas
MI VEREDICTO: SE SOSTIENE, y mi discutible B se junta con el discutible 4 suyo.
Los dos dudamos de lo mismo y por el mismo sitio, marcado cada uno antes de ver
al otro: el bloque abre en el crudo L243 con la frase que anuncia un RESUMEN, asi
que sus cuatro primeros pasos son repeticion declarada por el propio libro. Lo
sostengo porque lo que queda fuera del solape son las cinco preguntas del crudo
L255 a L263, que no estan en ningun otro candidato, y la vara 6.1 dice que decide
lo que queda fuera y no el tamano del solape. Declara cap_11 L242 a L265; mis
anclas dan L245 y L265.
--- razon 7 destapada: operar_modelo_gente_destreza_minima
MI VEREDICTO: SE SOSTIENE. Mi tercera duda (el paso 10) la tenia el extractor
contestada por adelantado y con la cita que corresponde (manual seccion 4, una
advertencia es linea). Sigo prefiriendo mi lectura, porque el crudo L111 describe
AL DUENO TIPICO y no le manda nada al lector, pero acepto que hay objeto que
mirar y que el nombre propio lo pone el libro. Lo dejo marcado y NO mueve D.30.
Declara cap_11 L84 a L133; mis anclas dan L87 y L133.
--- razon 8 destapada: trazar_modelo_negocio_cliente_primero
MI VEREDICTO: SE SOSTIENE, y coincide con mi clase PROCEDIMIENTO. Declara cap_08
L106 a L121; mis anclas dan L109 y L121. Levanta por su cuenta el unico par de
ese capitulo que yo tambien habria levantado (los dos retratos) y lo separa por
donde se separa: el crudo L119 dice expresamente que el modelo NO arranca del
retrato del negocio sino del cliente.
--- razon 9 destapada: unificar_color_forma_vestuario_modelo
MI VEREDICTO: SE SOSTIENE, Y ES EL QUE ME TUMBA A MI. Mi lectura del 16 sep 21:10
puso la regla 6 entre las que son criterio y no nodo. El crudo L229 manda
determinar los colores y USARLOS por todo el modelo, y nombra los ocho sitios uno
a uno. Es un imperativo con inventario. Mi clase de entonces estaba mal.
Declara cap_11 L212 a L241; mis anclas dan L215 y L241.
