dataset/nodos.jsonl : 346 nodos
bitacora/VEREDICTOS.jsonl : 740 lineas
config/pares_mutuos.jsonl : 1 lineas
cuarentena/grove_high_output/ : 41 fichas

ficha                                                cap     pieza  pasos ya en el grafo
agrupar_tareas_semejantes_aprovechar_preparacion     cap_04  P33        6 no
archivar_indicadores_resolver_problemas              cap_03  P12        4 no
buscar_actividad_alta_palanca_tres_vias              cap_04  P19        4 no
buscar_regularidad_bloques_iguales_trabajo_mando     cap_04  P39        9 no
casar_flujo_fabricacion_flujo_ventas                 cap_03  P14       12 no
clasificar_trabajo_proceso_montaje_prueba            cap_02  P5         7 no
construir_flujo_produccion_paso_limitante            cap_02  P2        10 no
construir_grafico_escalonado_pronosticos             cap_03  P11        8 no
construir_indicador_linealidad_alerta_temprana       cap_03  P9         9 no
construir_indicador_tendencia_patron                 cap_03  P10        6 no
decidir_aceptar_rechazar_material_defectuoso         cap_03  P17        8 no
decir_no_trabajo_excede_capacidad                    cap_04  P34       10 no
delegar_tarea_base_comun_seguimiento                 cap_04  P27       10 no
detectar_arreglar_fallo_etapa_menor_valor            cap_02  P11        6 no
detectar_palanca_negativa_actividad_mando            cap_04  P21        9 no
dimensionar_inventario_materia_prima_reposicion      cap_02  P10        7 no
dimensionar_numero_subordinados_medio_dia_semanal    cap_04  P38       11 no
dimensionar_plantilla_administrativa_pronostico      cap_03  P15        7 no
elegir_cinco_indicadores_diarios_fabrica             cap_03  P2        10 no
elegir_fabricar_pedido_pronostico                    cap_03  P13        9 no
elegir_indicador_salida_trabajo_administrativo       cap_03  ?          7 no
elegir_inspeccion_barrera_monitorizacion             cap_03  P18       12 no
elegir_momento_actividad_palanca_maxima              cap_04  P20        7 no
emparejar_indicadores_efecto_contraefecto            cap_03  P3         7 no
empujar_persona_reunion_direccion_preferida          cap_04  P13        7 no
equilibrar_capacidad_personal_inventario_plazo       cap_02  P7         8 no
escalonar_fuentes_informacion_gerencial              cap_04  P9         7 no
identificar_paso_limitante_jornada_desfases          cap_04  P32        5 no
llevar_inventario_proyectos_discrecionales           cap_04  P36        5 no
preferir_inspeccion_proceso_prueba_destructiva       cap_02  P9         6 no
programar_visita_area_observar_despachar             cap_04  P10        8 no
rehacer_flujo_paso_limitante_capacidad               cap_02  P6         6 no
representar_actividad_caja_negra_ventanas            cap_03  P7         9 no
reunir_informacion_gerencial_vias_variadas           cap_04  P7         8 no
simplificar_trabajo_reducir_numero_pasos             cap_03  P23        7 no
subir_productividad_gerencial_tres_vias              cap_04  P18        4 no
supervisar_decision_delegada_preguntas_concretas     cap_04  P30        6 no
supervisar_tarea_delegada_etapa_menor_valor          cap_04  P29        9 no
transmitir_objetivos_prioridades_preferencias        cap_04  P11        5 no
usar_calendario_herramienta_planificacion_produccion cap_04  P34        7 no
variar_frecuencia_inspeccion_nivel_calidad           cap_03  P19        6 no

cap_02 : 7 fichas en la bandeja
cap_03 : 15 fichas en la bandeja
cap_04 : 19 fichas en la bandeja
