ficha                                                pieza  rango declarado     dice   cuento cuadra
agrupar_tareas_semejantes_aprovechar_preparacion      (no declara pieza, rango y palabras en el molde buscado)
buscar_actividad_alta_palanca_tres_vias              P19    L203  a L213       118       76 NO  <-- discrepa en 42
buscar_regularidad_bloques_iguales_trabajo_mando      (no declara pieza, rango y palabras en el molde buscado)
decir_no_trabajo_excede_capacidad                     (no declara pieza, rango y palabras en el molde buscado)
delegar_tarea_base_comun_seguimiento                  (no declara pieza, rango y palabras en el molde buscado)
detectar_palanca_negativa_actividad_mando            P21    L219  a L219        73       73 SI
dimensionar_numero_subordinados_medio_dia_semanal     (no declara pieza, rango y palabras en el molde buscado)
elegir_momento_actividad_palanca_maxima              P20    L215  a L217       297      237 NO  <-- discrepa en 60
empujar_persona_reunion_direccion_preferida          P13    L167  a L167       174      147 NO  <-- discrepa en 27
escalonar_fuentes_informacion_gerencial              P9     L153  a L153       208      183 NO  <-- discrepa en 25
identificar_paso_limitante_jornada_desfases           (no declara pieza, rango y palabras en el molde buscado)
llevar_inventario_proyectos_discrecionales            (no declara pieza, rango y palabras en el molde buscado)
programar_visita_area_observar_despachar             P10    L155  a L157       337      236 NO  <-- discrepa en 101
reunir_informacion_gerencial_vias_variadas           P7     L145  a L147       356      210 NO  <-- discrepa en 146
subir_productividad_gerencial_tres_vias              P18    L195  a L201        62       60 NO  <-- discrepa en 2
supervisar_decision_delegada_preguntas_concretas      (no declara pieza, rango y palabras en el molde buscado)
supervisar_tarea_delegada_etapa_menor_valor           (no declara pieza, rango y palabras en el molde buscado)
transmitir_objetivos_prioridades_preferencias        P11    L159  a L159       197      160 NO  <-- discrepa en 37
usar_calendario_herramienta_planificacion_produccion  (no declara pieza, rango y palabras en el molde buscado)

fichas de cap_04 con pieza, rango y palabras declarados: 9 ; cuadran 1 ; discrepan 8
