SUPERLATIVOS, que es lo que el remedio obliga a contestar: 9 golpes en mi prosa, 2 lineas sangradas (salida de instrumento) descartadas
   linea 95   [primero o ultimo          ] El primer      ...El primer bloque mide **cuantas linea...
   linea 139  [primero o ultimo          ] El primer      ...El primer bloque mide las `13` guarda...
   linea 224  [primero o ultimo          ] La primera     ...### 6.a. La primera frase corregida: `P34` cont...
   linea 236  [superlativo con nombre en medio] el tramo de mas ...mo**: `P38` con `396` no es el tramo de mas palabras...
   linea 306  [superlativo con nombre en medio] el grafo mas   ...e la poblacion que barro**: el grafo mas las bandejas, sin...
   linea 381  [superlativo con nombre en medio] la ficha declara de mas ...` no cuadran, y en esas `8` la ficha declara de mas.** Las...
   linea 446  [comparativo de una palabra] menor          ...er la comprobacion en la de menor valor | **procedimiento pro...
   linea 477  [comparativo de una palabra] menor          ...menor valor, y sus tres aplicacio...
   linea 559  [primero o ultimo          ] El primer      ...El primer bloque mide **seis corridas...

AFIRMACIONES UNIVERSALES, que no las pide el remedio y las barro igual: 10 golpes en mi prosa, 0 lineas sangradas (salida de instrumento) descartadas
   linea 81   [negativa universal        ] ninguno        .... **Esta vuelta no escribio ninguno**, y no...
   linea 96   [negativa universal        ] ninguno        ...bio**, y no imprime fichero ninguno....
   linea 98   [negativa universal        ] ningun         ...dos fichas de cuarentena y ningun dato.** Con eso, el materia...
   linea 123  [negativa universal        ] ninguna        ...que no inserta no mueve ninguna de las cuatro, y ninguna se...
   linea 123  [negativa universal        ] ninguna        ...ve ninguna de las cuatro, y ninguna se movio.**...
   linea 162  [negativa universal        ] ninguna        ...falta leer ni una celda de ninguna de las dos. **El remedio de...
   linea 388  [negativa universal        ] NINGUNA        ...**ESTO NO TUMBA NINGUNA DE LAS DOS CORRECCIONES DE...
   linea 421  [negativa universal        ] ninguno        ...fichero y sin abrir ninguno:**...
   linea 453  [negativa universal        ] Ninguno        ...terio de valor** (`L75`). **Ninguno de los dos anade pasos al o...
   linea 577  [negativa universal        ] ninguna        ...| **`DATO MOVIDO`** | **ninguna** | el segundo bloque de la...

