$ asignar_responsable_unico_evolucion_planificada
./.m2/aud/informe_asignar_responsable_unico_evolucion_planificada.txt
./.m4b/aduana/a2.txt
./.v3m/aduana/c2.txt
./.v6m/aduana/asignar_responsable_unico_evolucion_planificada.txt
./.v7m/aduana/asignar_responsable_unico_evolucion_planificada.txt
./.v8m/aduana/asignar_responsable_unico_evolucion_planificada.txt
$ acoger_inspectores_externos_fuente_aprendizaje
./.m5aud/aduana_c2_m5.txt
./.v4m/aduana/c2.txt
./.v6m/aduana/acoger_inspectores_externos_fuente_aprendizaje.txt
./.v7m/aduana/acoger_inspectores_externos_fuente_aprendizaje.txt
./.v8m/aduana/acoger_inspectores_externos_fuente_aprendizaje.txt
$ aplicar_ejercicio_codigo_genetico_control
./.m2/aud/informe_aplicar_ejercicio_codigo_genetico_control.txt
./.v3m/aduana/c1.txt
./.v6m/aduana/aplicar_ejercicio_codigo_genetico_control.txt
./.v7m/aduana/aplicar_ejercicio_codigo_genetico_control.txt
./.v8m/aduana/aplicar_ejercicio_codigo_genetico_control.txt
$ encargar_meta_especifica_dejar_libre_metodo
./.t1_v26_auditor/salida_informe_marquet.txt
./.v25/aduana_lote5.txt
./.v8m/aduana/encargar_meta_especifica_dejar_libre_metodo.txt
./.vm01/aduana/c0_encargar_meta_especifica_dejar_libre_metodo.txt
./.vm01/coste_aduana.txt
$ identificar_temas_formacion_tarjetas_decision
./.m6aud/aduana_identificar_temas_formacion_tarjetas_decision.txt
./.v5m/aduana/identificar_temas_formacion_tarjetas_decision.txt
./.v8m/aduana/identificar_temas_formacion_tarjetas_decision.txt
$ informar_cierre_jornada_conservar_propiedad_trabajo
./.m2/aud/informe_informar_cierre_jornada_conservar_propiedad_trabajo.txt
./.v8m/aduana/informar_cierre_jornada_conservar_propiedad_trabajo.txt
$ inspeccionar_reparto_informacion_notas_jefe
./.v8m/aduana/inspeccionar_reparto_informacion_notas_jefe.txt
./.vm01/aduana/c5_inspeccionar_reparto_informacion_notas_jefe.txt
$ observar_reunion_rutinaria_senales_plantilla
./.v8m/aduana/observar_reunion_rutinaria_senales_plantilla.txt
./.vm01/aduana/c2_intento1_CAERIA.txt
./.vm01/aduana/c2_observar_reunion_rutinaria_senales_plantilla.txt
$ recorrer_organizacion_escuchar_plantilla
./.v8m/aduana/recorrer_organizacion_escuchar_plantilla.txt
./.vm01/aduana/c1_intento1_CAERIA.txt
./.vm01/aduana/c1_recorrer_organizacion_escuchar_plantilla.txt
$ reforzar_principios_guia_lenguaje_prueba_conocimiento
./.m6aud/aduana_reforzar_principios_guia_lenguaje_prueba_conocimiento.txt
./.v5m/aduana/reforzar_principios_guia_lenguaje_prueba_conocimiento.txt
./.v8m/aduana/reforzar_principios_guia_lenguaje_prueba_conocimiento.txt
