INICIO 2026-09-26 07:10:53
aplicar_seis_pasos_sistema_venta rc=0 segundos=457
construir_empresa_plantilla_vision_diaria rc=0 segundos=612
cambiar_saludo_cliente_dos_ramas rc=0 segundos=675
aplicar_cinco_pasos_proceso_contratacion rc=0 segundos=750
construir_estrategia_gente_cuatro_componentes rc=0 segundos=444
dar_valor_constante_cuatro_publicos rc=0 segundos=486
aplicar_ocho_reglas_juego_personas rc=0 segundos=1209
cuantificar_impacto_innovacion_6_pasos rc=0 segundos=662
distinguir_tres_tipos_sistemas_negocio rc=0 segundos=378
dictar_ritmo_crecimiento_preguntas_escritas rc=0 segundos=685
documentar_trabajo_manual_operaciones rc=0 segundos=502
fingir_prototipo_cinco_mil_replicas rc=0 segundos=493
medir_sistema_venta_trece_indicadores_benchmark rc=0 segundos=308
hacer_trabajo_futuro_imaginar_negocio rc=0 segundos=609
probar_traje_azul_seis_semanas rc=0 segundos=269
interrogar_negocio_cinco_preguntas rc=0 segundos=717
recorrer_siete_pasos_programa_desarrollo_negocio rc=0 segundos=388
responder_4_preguntas_estandares_objetivo_estrategico rc=0 segundos=320
responder_8_preguntas_construir_primary_aim rc=0 segundos=371
operar_modelo_gente_destreza_minima rc=0 segundos=696
trazar_modelo_negocio_cliente_primero rc=0 segundos=370
unificar_color_forma_vestuario_modelo rc=0 segundos=445
TODOS TERMINADOS 2026-09-26 07:53:49
