INICIO 2026-09-23 21:52:26
rehacer_flujo_paso_limitante_capacidad rc=0 segundos=1030
preferir_inspeccion_proceso_prueba_destructiva rc=0 segundos=1083
equilibrar_capacidad_personal_inventario_plazo rc=0 segundos=1310
dimensionar_inventario_materia_prima_reposicion rc=0 segundos=841
construir_flujo_produccion_paso_limitante rc=0 segundos=1953
detectar_arreglar_fallo_etapa_menor_valor rc=0 segundos=956
clasificar_trabajo_proceso_montaje_prueba rc=0 segundos=2503
elegir_cinco_indicadores_diarios_fabrica rc=0 segundos=1601
emparejar_indicadores_efecto_contraefecto rc=0 segundos=1361
representar_actividad_caja_negra_ventanas rc=0 segundos=1374
elegir_indicador_salida_trabajo_administrativo rc=0 segundos=1505
construir_indicador_linealidad_alerta_temprana rc=0 segundos=1502
construir_indicador_tendencia_patron rc=0 segundos=1187
archivar_indicadores_resolver_problemas rc=0 segundos=844
construir_grafico_escalonado_pronosticos rc=0 segundos=1657
elegir_fabricar_pedido_pronostico rc=0 segundos=1889
dimensionar_plantilla_administrativa_pronostico rc=0 segundos=1312
casar_flujo_fabricacion_flujo_ventas rc=0 segundos=1749
decidir_aceptar_rechazar_material_defectuoso rc=0 segundos=1612
elegir_inspeccion_barrera_monitorizacion rc=0 segundos=1936
TODOS TERMINADOS 2026-09-23 23:46:11
