--- el comando que rompio el pago de la vuelta 50, corrido HOY sobre el arbol de hoy ---
$ grep -rl "Sale de la PIEZA P34" cuarentena/ docs/
cuarentena/grove_high_output/decir_no_trabajo_excede_capacidad.json
cuarentena/grove_high_output/dimensionar_numero_subordinados_medio_dia_semanal.json
cuarentena/grove_high_output/usar_calendario_herramienta_planificacion_produccion.json
docs/loop/ACTA_AUDITOR.md
docs/loop/DEUDA.jsonl
docs/loop/PROMPT_SIGUIENTE.md

--- la misma cadena, contada por fichero ---
$ grep -rc "Sale de la PIEZA P34" cuarentena/ docs/ | grep -v ":0"
cuarentena/grove_high_output/decir_no_trabajo_excede_capacidad.json:1
cuarentena/grove_high_output/dimensionar_numero_subordinados_medio_dia_semanal.json:1
cuarentena/grove_high_output/usar_calendario_herramienta_planificacion_produccion.json:1
docs/loop/ACTA_AUDITOR.md:4
docs/loop/DEUDA.jsonl:3
docs/loop/PROMPT_SIGUIENTE.md:1

--- que dice DEUDA.jsonl de d038 y d044 ---
$ grep -o "\"id\": \"d0(38|44)\".{0,320}" docs/loop/DEUDA.jsonl
"id": "d038", "que": "LA FICHA DE P38 (dimensionar_numero_subordinados_medio_dia_semanal) LLEVA DENTRO UNA CITA DE METODO QUE YA NO REPRODUCE: cita grep -l PIEZA P34 cuarentena/grove_high_output/*.json como prueba de que P34 es madre de dos fichas, y ese comando devuelve hoy TRES porque la propia ficha pasa a contener la cadena. El comando preciso, g
"id": "d038", "tipo": "pago", "vuelta": "50"}
"id": "d044", "que": "d038 NO ESTA PAGADA: EL PAGO REPRODUJO EL DEFECTO UN ESCALON MAS ABAJO. La correccion escribio DENTRO de la ficha de P38 el comando preciso grep -l 'Sale de la PIEZA P34', y al escribirlo metio esa cadena en la ficha que el comando barre: hoy devuelve 3, igual que el ancho. PAGO QUE SI CIERRA ESTO: sacar la cita de metodo del ob
"id": "d044", "tipo": "pago", "vuelta": "51"}
