NODOS DE cap_04 POR TRAMO, LISTA ENTERA (19):
  P7     reunir_informacion_gerencial_vias_variadas                 vuelta 
  P9     escalonar_fuentes_informacion_gerencial                    vuelta 
  P10    programar_visita_area_observar_despachar                   vuelta 
  P11    transmitir_objetivos_prioridades_preferencias              vuelta 
  P13    empujar_persona_reunion_direccion_preferida                vuelta 
  P18    subir_productividad_gerencial_tres_vias                    vuelta 
  P19    buscar_actividad_alta_palanca_tres_vias                    vuelta 
  P20    elegir_momento_actividad_palanca_maxima                    vuelta 
  P21    detectar_palanca_negativa_actividad_mando                  vuelta 
  P27    delegar_tarea_base_comun_seguimiento                       vuelta 
  P29    supervisar_tarea_delegada_etapa_menor_valor                vuelta 
  P30    supervisar_decision_delegada_preguntas_concretas           vuelta 
  P32    identificar_paso_limitante_jornada_desfases                vuelta 
  P33    agrupar_tareas_semejantes_aprovechar_preparacion           vuelta 
  P34    decir_no_trabajo_excede_capacidad                          vuelta 
  P34    usar_calendario_herramienta_planificacion_produccion       vuelta 
  P36    llevar_inventario_proyectos_discrecionales                 vuelta 
  P38    dimensionar_numero_subordinados_medio_dia_semanal          vuelta 
  P39    buscar_regularidad_bloques_iguales_trabajo_mando           vuelta 
