--- L287 (132 palabras) ---
The next production principle you can apply is to allow slack—a bit of looseness in your
scheduling. Highway planners, for example, know that a freeway can handle an optimum number of
vehicles. Having fewer cars means that the road is not being used at capacity. But at that
optimum point, if just a few more cars are allowed to enter the traffic flow, everything comes
to a crunching halt. With the new metering devices that control access during the rush hour,
planners can get a fix on the right number. The same thing can be done for managerial work.
There is an optimum degree of loading, with enough slack built in so that one unanticipated
phone call will not ruin your schedule for the rest of the day. You need some slack.

--- L289 (101 palabras) ---
Another production principle is very nearly the opposite. A manager should carry a raw material
inventory in terms of projects. This is not to be confused with his work-in-process inventory,
because that, like eggs in a continuous boiler, tends to spoil or become obsolete over time.
Instead this inventory should consist of things you need to do but don’t need to finish right
away—discretionary projects, the kind the manager can work on to increase his group’s
productivity over the long term. Without such an inventory of projects, a manager will most
probably use his free time meddling in his subordinates’ work.

--- L291 (108 palabras) ---
A final principle. Most production practices follow well-established procedures and, rather than
reinventing the wheel repeatedly, use a specific method that has been shown to work before. But
managers tend to be inconsistent and bring a welter of approaches to the same task. We should
work to change that. As we become more consistent, we should also remember that the value of an
administrative procedure is contained not in formal statements but in the real thinking that led
to its establishment. This means that even as we try to standardize what we do, we should
continue to think critically about what we do and the approaches we use.

