==========================================================================================
usar_calendario_herramienta_planificacion_produccion
 1. Deja de llevar tu trabajo como un taller a pedido, que atiende a cualquier cliente que
    entra, y llevalo como una fabrica, que se rige por pronostico y no por el pedido
    individual.
 2. Cuenta con que una gran parte del trabajo de mando se puede pronosticar.
 3. Pronostica las cosas que puedas y preparate para hacerlas, que es sentido comun y es una
    via importante para reducir la sensacion y la realidad de fragmentacion del trabajo de
    mando.
 4. Usa como medio de ese pronostico algo muy simple: tu calendario.
 5. Deja de usarlo como el deposito de los encargos que llegan, donde alguien lanza un encargo
    para tu tiempo y aparece solo en tu calendario, porque eso es pasividad sin cabeza.
 6. Usalo en cambio como herramienta de planificacion de produccion, tomando una iniciativa
    firme para programar el trabajo que no es critico en tiempo entre los pasos limitantes de
    la jornada.
 7. Acepta para ello la primera de las dos responsabilidades que el libro numera: ve hacia un
    uso activo de tu calendario, tomando la iniciativa de llenar los huecos entre los
    acontecimientos criticos en tiempo con actividades que no lo son y que sin embargo son
    necesarias.
==========================================================================================
decir_no_trabajo_excede_capacidad
 1. Aplica aqui otro principio de produccion: la gente de fabricacion se fia de sus
    indicadores y no deja que el material empiece su recorrido por la fabrica si cree que ya
    esta operando a plena capacidad.
 2. Cuenta con el motivo: si lo dejaran, el material podria llegar hasta la mitad del
    recorrido y acumularse detras de un cuello de botella.
 3. Haz lo que hacen los jefes de fabrica: di que no de salida y evita que el nivel de entrada
    sobrecargue el sistema.
 4. Cuenta con que a otras clases de mando esto les resulta dificil de aplicar porque sus
    indicadores de capacidad no estan tan asentados ni son tan creibles.
 5. Preguntate cuanto tiempo necesitas para leer tu correo, para escribir tus informes o para
    reunirte con un colega: puede que no lo sepas con precision, pero seguro que tienes una
    idea del tiempo que hace falta.
 6. Explota esa idea tuya para programar tu trabajo.
 7. Acepta la segunda de las dos responsabilidades que el libro numera: di que no de salida al
    trabajo que este por encima de tu capacidad de atenderlo.
 8. Dilo antes y no despues, porque esperar a que algo alcance una etapa de mayor valor y
    abortarlo entonces por falta de capacidad significa perder mas dinero y mas tiempo.
 9. Cuenta con que puedes decir que no de forma explicita o de forma implicita, porque al no
    entregar acabas diciendo algo que equivale a un no.
10. Recuerda ademas que tu tiempo es tu unico recurso finito, y que cuando dices que si a una
    cosa estas diciendo inevitablemente que no a otra.
==========================================================================================
llevar_inventario_proyectos_discrecionales
 1. Aplica aqui un principio de produccion que es casi el contrario del anterior: lleva, como
    mando, un inventario de materia prima en forma de proyectos.
 2. No lo confundas con tu inventario de trabajo en curso, porque ese, como los huevos en un
    hervidor continuo, tiende a estropearse o a quedarse obsoleto con el tiempo.
 3. Mete en ese inventario cosas que necesitas hacer pero que no necesitas terminar de
    inmediato.
 4. O sea proyectos discrecionales, de la clase en la que el mando puede trabajar para subir
    la productividad de su grupo a largo plazo.
 5. Cuenta con lo que pasa si no lo llevas: un mando sin ese inventario de proyectos lo mas
    probable es que use su tiempo libre metiendose en el trabajo de sus subordinados.
==========================================================================================
dimensionar_numero_subordinados_medio_dia_semanal
 1. Cuenta cuantos subordinados tienes, porque su numero es un componente importante de la
    palanca de un mando: si no tienes bastantes tu palanca baja, y si tienes demasiados te
    atascas, con el mismo resultado.
 2. Toma como regla de andar por casa que un mando cuyo trabajo es en su mayor parte de
    supervision deberia tener de seis a ocho subordinados: tres o cuatro son demasiado pocos y
    diez son demasiados.
 3. Saca esa horquilla de la guia de la que viene: dedica alrededor de medio dia por semana a
    cada uno de tus subordinados.
 4. Contrasta esa guia por sus dos extremos: dos dias por semana y por subordinado llevarian
    probablemente a meterte en su trabajo, y una hora por semana no da oportunidad suficiente
    de supervisarlo.
 5. Aplica la regla de seis a ocho al mando clasicamente jerarquico, cuyo trabajo principal es
    la supervision de otros.
 6. Cuenta con que un mando de saber hacer, el mando intermedio que sobre todo aporta pericia
    e informacion, puede tener una jornada completa atendiendo a varios clientes internos como
    consultor interno aunque no tenga ni un solo subordinado.
 7. Cuenta como equivalente de un subordinado a cada dedicacion de alrededor de medio dia por
    semana como miembro de un grupo de planificacion, de asesoria o de coordinacion.
 8. Si eres a la vez supervisor jerarquico y proveedor de saber hacer, intenta tener un total
    de seis a ocho subordinados o sus equivalentes.
 9. Cuando el negocio este organizado de forma que ese reparto ideal sea dificil de alcanzar,
    como en la planta que solo tiene una seccion de ingenieria y una de produccion, elige
    actuar tu como uno de los dos subordinados y haz de jefe de una de las dos secciones.
10. Comprueba lo que ese arreglo te deja: el jefe de la otra seccion te sigue reportando y has
    sumado a las personas que reportarian al jefe de la seccion que asumiste, y colocalo de
    forma que esas personas no aparezcan al mismo nivel de organizacion que el jefe que ya
    estaba, porque se lo tomaria a mal.
11. Cuenta con lo que ese arreglo evita: que el jefe de planta se vea empujado a la jubilacion
    en el puesto o a meterse en el trabajo de otros.
==========================================================================================
buscar_regularidad_bloques_iguales_trabajo_mando
 1. Aplica a tu trabajo de mando el siguiente concepto de produccion: ve hacia la regularidad.
 2. Alisa tu carga de trabajo todo lo que puedas, aunque no puedas controlar los habitos de
    los que te llegan, igual que una fabrica de desayunos iria mas eficiente si los clientes
    llegaran en un flujo estable y predecible en vez de entrar de uno en uno y de dos en dos.
 3. Haz que tu trabajo de mando tome las caracteristicas de una fabrica y no las de un taller
    a pedido.
 4. Impide en consecuencia, con todo lo que puedas, los pequenos parones y arranques de tu
    jornada, y tambien las interrupciones que traen las emergencias grandes.
 5. Busca siempre las fuentes de problemas futuros de prioridad alta abriendo ventanas en la
    caja negra de tu organizacion, aunque algunas de esas emergencias sean inevitables.
 6. Cuenta con lo que ganas al reconocer que tienes una bomba de relojeria entre manos: puedes
    atender el problema cuando tu quieras y no despues de que la bomba haya estallado.
 7. Coordina tu trabajo con el de los demas mandos, porque solo puedes ir hacia la regularidad
    si los otros van tambien.
 8. Usa, dicho de otro modo, los mismos bloques de tiempo para las actividades iguales.
 9. Toma el ejemplo que el libro da de Intel: las mananas de los lunes se apartaron en toda la
    empresa como el momento en que se reunen los grupos de planificacion, asi que quien
    pertenece a uno puede contar con el lunes para eso y queda libre de choques de agenda.
