--- L273 ---
What makes running a factory different from running a job shop? The latter is prepared to
service any customer who drops in; the owner handles the job required and moves on to the next
one. A factory, on the other hand, is usually run by forecast and not by individual order. From
my experience a large portion of managerial work can be forecasted. Accordingly, forecasting
those things you can and setting yourself up to do them is only common sense and an important
way to minimize the feeling and the reality of fragmentation experienced in managerial work.
Forecasting and planning your time around key events are literally like running an efficient
factory.

--- L275 ---
What is the medium of a manager’s forecast? It is something very simple: his calendar. Most
people use their calendars as a repository of “orders” that come in. Someone throws an order to
a manager for his time, and it automatically shows up on his calendar. This is mindless
passivity. To gain better control of his time, the manager should use his calendar as a
“production” planning tool, taking a firm initiative to schedule work that is not time-critical
between those “limiting steps” in the day.

--- L277 ---
Another production principle can be applied here. Because manufacturing people trust their
indicators, they won’t allow material to begin its journey through the factory if they think it
is already operating at capacity. If they did, material might go halfway through and back up
behind a bottleneck. Instead, factory managers say “no” at the outset and keep the start level
from overloading the system. Other kinds of managers find this hard to apply because their
indicators of capacity are not as well established or not as believable. How much time do you
need to read your mail, to write your reports, to meet with a colleague? You may not know
precisely, but you surely have a feel for the time required. And you should exploit that sense
to schedule your work.

--- L279 ---
To use your calendar as a production-planning tool, you must accept responsibility for two
things:

--- L281 ---
1. You should move toward the active use of your calendar, taking the initiative to fill the
holes between the time-critical events with non-time-critical though necessary activities.

--- L283 ---
2. You should say “no” at the outset to work beyond your capacity to handle.

--- L285 ---
It is important to say “no” earlier rather than later because we’ve learned that to wait until
something reaches a higher value stage and then abort due to lack of capacity means losing more
money and time. You can obviously say “no” either explicitly or implicitly, because by not
delivering you end up saying what amounts to “no.” Remember too that your time is your one
finite resource, and when you say “yes” to one thing you are inevitably saying “no” to another.

--- L295 ---
An important component of managerial leverage is the number of subordinates a manager has. If he
does not have enough, his leverage is obviously reduced. If he has too many, he gets bogged
down—with the same result. As a rule of thumb, a manager whose work is largely supervisory
should have six to eight subordinates; three or four are too few and ten are too many. This
range comes from a guideline that a manager should allocate about a half day per week to each of
his subordinates. (Two days a week per subordinate would probably lead to meddling; an hour a
week does not provide enough opportunity for monitoring.)

--- L297 ---
The six to eight rule is right for the classically hierarchical manager whose primary work is
the supervision of others. What about a know-how manager, the middle manager who mainly supplies
expertise and information? Even if he works without a single subordinate, servicing a number of
varied “customers” as an internal consultant can in itself be a full-time job. In fact, anyone
who spends about a half day per week as a member of a planning, advisory, or coordinating group
has the equivalent of a subordinate. So as a rule of thumb, if a manager is both a hierarchical
supervisor and a supplier of know-how, he should try to have a total of six to eight
subordinates or their equivalent.

--- L301 ---
This arrangement will avoid forcing the plant manager either into on-the-job retirement or into
meddling.

--- L305 ---
The next important production concept we can apply to managerial work is to strive toward
regularity. We could obviously run our breakfast factory more efficiently if customers arrived
in a steady and predictable stream rather than dropping in by ones and twos. Though we can’t
control our customers’ habits, we should try to smooth out our workload as much as possible. As
noted, we should try to make our managerial work take on the characteristics of a factory, not a
job shop. Accordingly, we should do everything we can to prevent little stops and starts in our
day as well as interruptions brought on by big emergencies. Even though some of the latter are
unavoidable, we should always be looking for sources of future high-priority trouble by cutting
windows into the black box of our organization. Recognizing you’ve got a time bomb on your hands
means you can address a problem when you want to, not after the bomb has gone off.

--- L307 ---
But because you must coordinate your work with that of other managers, you can only move toward
regularity if others do too. In other words, the same blocks of time must be used for like
activities. For example, at Intel Monday mornings have been set aside throughout the corporation
as the time when planning groups meet. So anybody who belongs to one can count on Monday for
that purpose and be free of scheduling conflicts.

