   11 pasos  NUEVO      dimensionar_numero_subordinados_medio_dia_semanal
   10 pasos  ya estaba  delegar_tarea_base_comun_seguimiento
   10 pasos  NUEVO      decir_no_trabajo_excede_capacidad
    9 pasos  ya estaba  supervisar_tarea_delegada_etapa_menor_valor
    9 pasos  ya estaba  detectar_palanca_negativa_actividad_mando
    9 pasos  NUEVO      buscar_regularidad_bloques_iguales_trabajo_mando
    8 pasos  ya estaba  reunir_informacion_gerencial_vias_variadas
    8 pasos  ya estaba  programar_visita_area_observar_despachar
    7 pasos  NUEVO      usar_calendario_herramienta_planificacion_produccion
    7 pasos  ya estaba  escalonar_fuentes_informacion_gerencial
    7 pasos  ya estaba  empujar_persona_reunion_direccion_preferida
    7 pasos  ya estaba  elegir_momento_actividad_palanca_maxima
    6 pasos  ya estaba  supervisar_decision_delegada_preguntas_concretas
    6 pasos  ya estaba  agrupar_tareas_semejantes_aprovechar_preparacion
    5 pasos  ya estaba  transmitir_objetivos_prioridades_preferencias
    5 pasos  NUEVO      llevar_inventario_proyectos_discrecionales
    5 pasos  ya estaba  identificar_paso_limitante_jornada_desfases
    4 pasos  ya estaba  subir_productividad_gerencial_tres_vias
    4 pasos  ya estaba  buscar_actividad_alta_palanca_tres_vias

fichas de cap_04           : 19
pasos de los 5 de hoy      : 42
pasos de los 14 anteriores : 95
pasos de cap_04 entero     : 137
