--- ID ---
supervisar_tarea_delegada_etapa_menor_valor
--- TITULO ---
Supervisar una tarea delegada como se supervisa la calidad: en la etapa de menor valor anadido, con frecuencia variable y entrando en el detalle al azar
--- DOMINIO ---
gestion_equipos
--- ESTADO ---
vivo
--- RESUMEN_TEORICO ---
UNIDAD DE ORIGEN: fuentes/grove_high_output/cap_04.md, unidad Cap. 3, titulo textual Managerial Leverage. Sale de la PIEZA P29 de la frontera publicada en la vuelta 46 (HH.2.c), L253 a L255, 227 palabras, y de ningun otro tramo. POR QUE ES PROCEDIMIENTO: el libro pone SU PROPIO INVENTARIO de las tres decisiones del seguimiento, nombradas una a una y con su criterio propio cada una: la ETAPA (lowest-added-value stage, con su ejemplo de los borradores en sucio), la FRECUENCIA (a variable approach, different sampling schemes, y su criterio explicito, que no es lo que el subordinado pueda hacer en general sino su experiencia y su desempeno previo con esa tarea), y el DETALLE (only go into details randomly). Es inventario de ETAPAS y de OBJETOS DE TRABAJO, no de metas, y ninguno de los tres criterios es un adjetivo de adecuacion: los tres los pone el libro. DE DONDE SALE CADA PASO, uno a uno: paso 1 (L253: Monitoring the results of delegation resembles the monitoring used in quality assurance); paso 2 (L253: We should apply quality assurance principles and monitor at the lowest-added-value stage of the process); paso 3 (L253: For example, review rough drafts of reports that you have delegated; do not wait until your subordinates have spent time polishing them into final form before you find out that you have a basic problem with the contents); paso 4 (L253: A second principle applies to the frequency with which you check your subordinates work. A variable approach should be employed, using different sampling schemes with various subordinates); paso 5 (L253: you should increase or decrease your frequency depending on whether your subordinate is performing a newly delegated task or one that he has experience handling); paso 6 (L253: How often you monitor should not be based on what you believe your subordinate can do in general, but on his experience with a specific task and his prior performance with it, his task-relevant maturity); paso 7 (L253: As the subordinate work improves over time, you should respond with a corresponding reduction in the intensity of the monitoring); paso 8 (L255: To use quality assurance principles effectively, the manager should only go into details randomly, just enough to try to ensure that the subordinate is moving ahead satisfactorily); paso 9 (L255: To check into all the details of a delegated task would be like quality assurance testing 100 percent of what manufacturing turned out). RELECTURA DE FIDELIDAD D.30 EN EL ACTO: 9 pasos, 9 TRANSCRIPCION, 0 PUENTE. DONDE ESTUVE A PUNTO DE ESCRIBIR UN PUENTE Y NO LO ESCRIBI, la especie del PERIODO de EXTRACTOR.md 15.4: el libro manda frecuencia VARIABLE y da su criterio, pero NO da ninguna cifra ni ningun periodo. El paso 4 y el paso 5 dicen sube o baja segun el criterio del libro y no dicen cada cuanto, porque el cada cuanto lo habria puesto yo. LO QUE NO ESCRIBO Y POR ESO NO ESTA AQUI, la especie del PROCEDIMIENTO DE OTRO: el libro nombra la madurez relativa a la tarea y remite a otro sitio con un something I will talk about in detail later. El paso 6 la NOMBRA porque el libro la nombra, y NO despliega sus pasos: desplegarlos aqui seria fabricar el gemelo de su donante antes de que el donante exista (P.19), que es exactamente lo que la vuelta 46 evito con la cultura de empresa en transmitir_objetivos_prioridades_preferencias. ARISTAS DECLARADAS POR LECTURA, para cablearlas el dia de la insercion y no hoy: (1) D.29, MADRE delegar_tarea_base_comun_seguimiento, cuyo paso 7 dice en una linea que supervisar la tarea delegada es la unica via practica de asegurar un resultado, y este hijo lo despliega en nueve pasos que la madre no tiene. (2) D.29, HERMANO supervisar_decision_delegada_preguntas_concretas, que es el mismo seguimiento aplicado a una DECISION delegada en vez de a una TAREA delegada. Son hermanos y no gemelos: el objeto supervisado es distinto y el libro los separa en dos tramos. (3) D.29, PARIENTE elegir_inspeccion_barrera_monitorizacion, de cap_02, porque los principios de aseguramiento de la calidad que este nodo importa viven alli extraidos de su propio capitulo. La declaro por lectura y no la fuerzo: este nodo NO repite aquellos pasos, los invoca. TRADUCCION DECLARADA: monitoring the results of delegation, quality assurance principles y task-relevant maturity viajan en denominaciones. DISCUTIBLE QUE MARCO ANTES DE SABER SI ACIERTO: el paso 9 es una comparacion y no un acto, y un lector estricto dira que es adorno. Lo sostengo porque es la vara superior del paso 8 (dice hasta donde NO hay que llegar con el detalle) y sin el, entra en los detalles solo al azar se queda sin techo. Si cae, cae DENTRO de mi marcado.
--- CONDICIONES_ACTIVACION ---
Cuando ya has delegado una tarea y tienes que decidir en que punto la miras, cada cuanto la miras y hasta que detalle entras, sin convertir el seguimiento en intromision.
--- ENTREGABLE_ESPERADO ---
El seguimiento de la tarea delegada montado con sus tres decisiones tomadas: la etapa del proceso en la que miras, la frecuencia con la que miras a ese subordinado en esa tarea, y el detalle al azar con el que entras.
--- ATRIBUCIONES ---
[]
--- DENOMINACIONES ---
{
  "nombre_largo": "El seguimiento de lo delegado tratado con los principios del aseguramiento de la calidad: donde se mira, cada cuanto se mira, y cuanto detalle se mira",
  "sigla": "",
  "otros_idiomas": [
    {
      "idioma": "ingles",
      "termino": "monitoring the results of delegation"
    },
    {
      "idioma": "ingles",
      "termino": "quality assurance principles"
    },
    {
      "idioma": "ingles",
      "termino": "task-relevant maturity"
    }
  ]
}
--- IDS_ALIAS ---
[]
--- NODOS_PREVIOS ---
[]
--- NODOS_SIGUIENTES ---
[]
--- FUENTES ---
[
  {
    "clave": "grove_high_output",
    "fecha": "2026-09-19"
  }
]
--- PASOS_ACCIONABLES (9) ---
 1. Trata el seguimiento de los resultados de la delegacion como lo que el libro dice que se parece: el seguimiento que se usa en el aseguramiento de la calidad.
 2. Aplica los principios del aseguramiento de la calidad y supervisa en la etapa del proceso de menor valor anadido.
 3. Revisa, por ejemplo, los borradores en sucio de los informes que has delegado, y no esperes a que tus subordinados hayan gastado su tiempo en pulirlos hasta su forma final para descubrir entonces que tienes un problema basico con el contenido.
 4. Emplea un enfoque variable para la frecuencia con la que compruebas el trabajo de tus subordinados, usando esquemas de muestreo distintos con subordinados distintos.
 5. Sube o baja esa frecuencia segun el subordinado este ejecutando una tarea recien delegada o una con la que ya tiene experiencia.
 6. No bases cada cuanto supervisas en lo que creas que tu subordinado puede hacer en general, sino en su experiencia con esa tarea concreta y en su desempeno previo con ella, que es su madurez relativa a la tarea.
 7. A medida que el trabajo del subordinado mejora con el tiempo, responde con una reduccion correspondiente de la intensidad del seguimiento.
 8. Para aplicar bien los principios del aseguramiento de la calidad, entra en los detalles solo al azar, lo justo para intentar asegurar que el subordinado avanza de forma satisfactoria.
 9. Cuenta con que entrar en todos los detalles de una tarea delegada seria como probar en aseguramiento de la calidad el cien por cien de lo que fabricacion saco.
