cap_02           7
cap_03          15
cap_04          14
---
total bandeja grove_high_output: 36

LOS DE cap_04, por orden de escritura en disco:
   1. reunir_informacion_gerencial_vias_variadas
   2. escalonar_fuentes_informacion_gerencial
   3. programar_visita_area_observar_despachar
   4. empujar_persona_reunion_direccion_preferida
   5. subir_productividad_gerencial_tres_vias
   6. buscar_actividad_alta_palanca_tres_vias
   7. elegir_momento_actividad_palanca_maxima
   8. detectar_palanca_negativa_actividad_mando
   9. delegar_tarea_base_comun_seguimiento
  10. supervisar_tarea_delegada_etapa_menor_valor
  11. supervisar_decision_delegada_preguntas_concretas
  12. identificar_paso_limitante_jornada_desfases
  13. agrupar_tareas_semejantes_aprovechar_preparacion
  14. transmitir_objetivos_prioridades_preferencias
