L273  What makes running a factory different from running a job shop? The latter is prepared to service any customer who drops in; the owner handles the job...
L275  What is the medium of a manager’s forecast? It is something very simple: his calendar. Most people use their calendars as a repository of “orders” tha...
L277  Another production principle can be applied here. Because manufacturing people trust their indicators, they won’t allow material to begin its journey ...
L279  To use your calendar as a production-planning tool, you must accept responsibility for two things:
L281  1. You should move toward the active use of your calendar, taking the initiative to fill the holes between the time-critical events with non-time-crit...
L283  2. You should say “no” at the outset to work beyond your capacity to handle.
L285  It is important to say “no” earlier rather than later because we’ve learned that to wait until something reaches a higher value stage and then abort d...
L287  The next production principle you can apply is to allow slack—a bit of looseness in your scheduling. Highway planners, for example, know that a freewa...
L289  Another production principle is very nearly the opposite. A manager should carry a raw material inventory in terms of projects. This is not to be conf...
L291  A final principle. Most production practices follow well-established procedures and, rather than reinventing the wheel repeatedly, use a specific meth...
L293  Built-In Leverage: How Many Subordinates Should You Have…
L295  An important component of managerial leverage is the number of subordinates a manager has. If he does not have enough, his leverage is obviously reduc...
L297  The six to eight rule is right for the classically hierarchical manager whose primary work is the supervision of others. What about a know-how manager...
L299  Sometimes a business is organized in a way that makes the ideal fan-out of six to eight subordinates hard to reach. A manufacturing plant, for example...
L301  This arrangement will avoid forcing the plant manager either into on-the-job retirement or into meddling.
L303  Interruptions—The Plague of Managerial Work
L305  The next important production concept we can apply to managerial work is to strive toward regularity. We could obviously run our breakfast factory mor...
L307  But because you must coordinate your work with that of other managers, you can only move toward regularity if others do too. In other words, the same ...
L309  About twenty middle managers at Intel were once asked to be part of an experiment. After pairing up, they tried some role-playing in which one manager...
L311  The most common problem cited was uncontrolled interruptions, which in remarkably uniform fashion affected both supervisory and know-how managers. Eve...
L313  The most frequently proposed solutions were not very practical. The idea mentioned most often was to create blocks of time for individual work by hidi...
L315  There are better ways. Let’s apply a production concept. Manufacturers turn out standard products. By analogy, if you can pin down what kind of interr...
L317  Also, if you use the production principle of batching—that is, handling a group of similar chores at one time—many interruptions that come from your s...
L319  The use of indicators, especially the bank of indicators kept over time, can also reduce the time a manager spends dealing with interruptions. How fas...
L321  If the people who interrupt you knew how much they were disturbing you, they would probably police themselves more closely and cut down on the number ...
L323  The point is to impose a pattern on the way a manager copes with problems. To make something regular that was once irregular is a fundamental producti...
---
renglones de cuerpo SIN CITAR de L273 al final: 26
