=== supervisar_tarea_delegada_etapa_menor_valor  (Supervisar una tarea delegada como se supervisa la calidad: en la etapa de menor valor anadido, con frecuencia variable y entrando en el detalle al azar)
    entregable: El seguimiento de la tarea delegada montado con sus tres decisiones tomadas: la etapa del proceso en la que miras, la frecuencia con la que miras a ese subordin
   1. Trata el seguimiento de los resultados de la delegacion como lo que el libro dice que se parece: el seguimiento que se usa en el aseguramiento de la calidad.
   2. Aplica los principios del aseguramiento de la calidad y supervisa en la etapa del proceso de menor valor anadido.
   3. Revisa, por ejemplo, los borradores en sucio de los informes que has delegado, y no esperes a que tus subordinados hayan gastado su tiempo en pulirlos hasta su forma final para descubrir entonces que tienes un problema basico con el contenido.
   4. Emplea un enfoque variable para la frecuencia con la que compruebas el trabajo de tus subordinados, usando esquemas de muestreo distintos con subordinados distintos.
   5. Sube o baja esa frecuencia segun el subordinado este ejecutando una tarea recien delegada o una con la que ya tiene experiencia.
   6. No bases cada cuanto supervisas en lo que creas que tu subordinado puede hacer en general, sino en su experiencia con esa tarea concreta y en su desempeno previo con ella, que es su madurez relativa a la tarea.
   7. A medida que el trabajo del subordinado mejora con el tiempo, responde con una reduccion correspondiente de la intensidad del seguimiento.
   8. Para aplicar bien los principios del aseguramiento de la calidad, entra en los detalles solo al azar, lo justo para intentar asegurar que el subordinado avanza de forma satisfactoria.
   9. Cuenta con que entrar en todos los detalles de una tarea delegada seria como probar en aseguramiento de la calidad el cien por cien de lo que fabricacion saco.

=== supervisar_decision_delegada_preguntas_concretas  (Supervisar una decision delegada por su proceso de reflexion: preguntas bastante concretas en la reunion de revision)
    entregable: La decision delegada aprobada o no aprobada segun lo bien que el subordinado responda en la reunion de revision a preguntas bastante concretas sobre su peticion
   1. Cuenta con que hay tipos de decision que los mandos delegan con frecuencia en sus subordinados.
   2. Supervisa esa delegacion por su proceso de decision, que es la mejor manera de hacerla.
   3. Pide al subordinado que piense el asunto entero con cuidado antes de presentarte su peticion de aprobacion.
   4. Para supervisar lo buena que es su reflexion, hazle preguntas bastante concretas sobre su peticion durante una reunion de revision.
   5. Si las responde de forma convincente, aprueba lo que pide.
   6. Cuenta con que esta tecnica te permite averiguar lo buena que es la reflexion sin tener que recorrerla tu mismo.

=== identificar_paso_limitante_jornada_desfases  (Identificar el paso limitante de tu jornada y crear desfases alrededor: determinar lo inamovible y mover lo flexible a su alrededor)
    entregable: El paso limitante de tu jornada ya identificado por su falta de holgura, y el resto de tu trabajo programado con sus desfases alrededor de ese paso.
   1. Mejora las recomendaciones corrientes de gestion del tiempo aplicandoles los principios de produccion.
   2. Identifica primero tu paso limitante preguntandote cual es el huevo de tu trabajo.
   3. Busca para eso las cosas de tu vida de mando que de verdad tienen que ocurrir en un calendario absoluto, aquellas en cuyo tiempo no hay holgura ninguna.
   4. Crea desfases y programa el resto de tu trabajo alrededor de ese paso limitante.
   5. En resumen: determina que es lo inamovible y manipula a su alrededor las actividades mas flexibles, y trabajaras de manera mas eficiente.

=== agrupar_tareas_semejantes_aprovechar_preparacion  (Agrupar las tareas semejantes en una tanda para aprovechar un solo esfuerzo de preparacion)
    entregable: Las actividades semejantes hechas en tanda dentro de un mismo bloque de tiempo, de forma que el esfuerzo de preparacion que cada una exigia se haya pagado una s
   1. Aplica a tu trabajo de mando el segundo principio de produccion: agrupar las tareas semejantes.
   2. Cuenta con que toda operacion de fabricacion exige una cierta cantidad de tiempo de preparacion, y con que ese tiempo tiene muchos paralelos en el trabajo de mando.
   3. Para que el trabajo de mando avance con eficiencia, usa un mismo esfuerzo de preparacion y aplicalo a todo un grupo de actividades semejantes.
   4. Reutiliza lo que ya preparaste: una vez preparado un juego de ilustraciones para una clase de formacion, tu productividad sube si puedes usar ese mismo juego una y otra vez con otras clases o grupos.
   5. Cuando tengas varios informes que leer o varias evaluaciones de desempeno que aprobar, reserva un bloque de tiempo y hazlos en tanda, uno tras otro.
   6. Hazlo asi para aprovechar al maximo el tiempo de preparacion mental que esa tarea necesita.

