=== detectar_palanca_negativa_actividad_mando  (Detectar la palanca negativa en la propia actividad de mando: la reunion sin preparar, el desanimo, las largas y la intromision)
    entregable: Las actividades tuyas que tienen palanca negativa, identificadas una a una contra los ejemplares que el libro nombra, y en el caso de la intromision con la prue
   1. Cuenta con que la palanca tambien puede ser negativa: hay actividades de mando que reducen la salida de una organizacion.
   2. Empieza por el caso simple: si eres participante clave de una reunion y llegas sin preparar, no solo desperdicias el tiempo de los asistentes por tu falta de preparacion, que es el coste directo de tu descuido, sino que ademas privas a los demas participantes de la oportunidad de emplear ese tiempo en otra cosa.
   3. Revisa si estas desanimado: un mando desanimado empieza casi de inmediato a afectar a la gente de alrededor sin darse cuenta, y el desanimo se extiende pronto por toda su organizacion.
   4. Cuenta con que de ahi se sale cuando alguien del propio equipo le dice por fin al mando lo que le esta haciendo a la gente que tiene debajo.
   5. Revisa si estas dando largas: dar largas es aplazar una decision que va a afectar al trabajo de otras personas, y en la practica la falta de decision es lo mismo que una decision negativa, porque ninguna luz verde es una luz roja y el trabajo puede pararse para toda una organizacion.
   6. Cuenta con que el desanimo y las largas tienen palanca negativa practicamente ilimitada y son muy dificiles de contrarrestar, porque su efecto sobre la organizacion es a la vez omnipresente y escurridizo; en cambio, si a la gente le afecta un mal curso de formacion de ventas, la situacion se arregla volviendo a formar al grupo.
   7. Revisa si te estas entrometiendo: hay intromision cuando un supervisor usa su conocimiento y su experiencia superiores sobre las responsabilidades de un subordinado para tomar el mando de la situacion en vez de dejar que el subordinado la resuelva por si mismo.
   8. Aplica la prueba concreta que da el libro: si un mando superior ve un indicador que muestra una tendencia indeseable y dicta a la persona responsable un conjunto detallado de acciones a tomar, eso es intromision.
   9. Cuenta con lo que la intromision produce: tras verse expuesto a muchos episodios asi, el subordinado pasa a tomar una vision mucho mas restringida de lo que se espera de el, muestra menos iniciativa para resolver sus propios problemas y se los lleva en cambio a su supervisor.

=== delegar_tarea_base_comun_seguimiento  (Delegar una tarea sobre una base comun de informacion, sin farsa y con su seguimiento, porque delegar sin seguimiento es abdicar)
    entregable: La tarea delegada sobre una base comun de informacion ya comprobada, con la decision consciente y dicha de que retienes y que sueltas, y con el seguimiento de l
   1. Cuenta con que el tiempo de un mando tiene una jerarquia de valores, y con que por eso la delegacion es un aspecto esencial del mando.
   2. Antes de delegar, comprueba que quien delega y quien recibe comparten una base comun de informacion y un conjunto comun de ideas o nociones operativas sobre como abordar la resolucion de problemas, que es un requisito que muchas veces no se cumple.
   3. Cuenta con que, si las dos partes no comparten esa base comun relevante, quien recibe solo puede llegar a ser un delegado efectivo con instrucciones especificas, y eso, igual que en la intromision donde las actividades concretas se prescriben en detalle, produce palanca de mando baja.
   4. Revisa que tareas no quieres soltar en realidad: todos tenemos algunas que no queremos delegar simplemente porque nos gusta hacerlas y preferimos no soltarlas.
   5. Deja que eso pase solo si se apoya en una decision consciente de retener ciertas tareas que disfrutas haciendo aunque pudieras delegarlas si quisieras; sabe exactamente lo que estas haciendo y evita la farsa de la delegacion insincera, que produce una palanca de mando negativa inmensa.
   6. Antes de decidir si delegas las actividades que te son familiares o las que no, aplica el principio: delegar sin seguimiento es abdicar.
   7. Cuenta con que nunca puedes lavarte las manos de una tarea: aun despues de delegarla sigues siendo responsable de que se cumpla, y supervisar la tarea delegada es la unica via practica que tienes de asegurar un resultado.
   8. Separa el seguimiento de la intromision: supervisar no es entrometerse, sino comprobar que una actividad avanza en linea con lo que se espera de ella.
   9. Elige con esa vara que delegas: como es mas facil supervisar algo que te resulta familiar, si tienes eleccion delega aquellas actividades que mejor conoces.
  10. Cuenta de antemano con lo que el experimento del lapiz ensena: es muy probable que hacerlo asi vaya en contra de tu fibra emocional.

