INICIO 2026-09-26 08:11:22
aplicar_seis_pasos_sistema_venta rc=0 segundos=492
construir_empresa_plantilla_vision_diaria rc=0 segundos=596
aplicar_cinco_pasos_proceso_contratacion rc=0 segundos=641
cambiar_saludo_cliente_dos_ramas rc=0 segundos=683
construir_estrategia_gente_cuatro_componentes rc=0 segundos=390
dar_valor_constante_cuatro_publicos rc=0 segundos=499
aplicar_ocho_reglas_juego_personas rc=0 segundos=1155
cuantificar_impacto_innovacion_6_pasos rc=0 segundos=639
distinguir_tres_tipos_sistemas_negocio rc=0 segundos=364
dictar_ritmo_crecimiento_preguntas_escritas rc=0 segundos=732
fingir_prototipo_cinco_mil_replicas rc=0 segundos=516
documentar_trabajo_manual_operaciones rc=0 segundos=535
medir_sistema_venta_trece_indicadores_benchmark rc=0 segundos=344
hacer_trabajo_futuro_imaginar_negocio rc=0 segundos=652
probar_traje_azul_seis_semanas rc=0 segundos=295
interrogar_negocio_cinco_preguntas rc=0 segundos=761
recorrer_siete_pasos_programa_desarrollo_negocio rc=0 segundos=418
responder_4_preguntas_estandares_objetivo_estrategico rc=0 segundos=343
responder_8_preguntas_construir_primary_aim rc=0 segundos=388
trazar_modelo_negocio_cliente_primero rc=0 segundos=390
operar_modelo_gente_destreza_minima rc=0 segundos=731
unificar_color_forma_vestuario_modelo rc=0 segundos=470
TODOS TERMINADOS 2026-09-26 08:55:29
