==============================================================================
CANDIDATO 1: buscar_regularidad_bloques_iguales_trabajo_mando   (9 pasos)
  poblacion barrida: 390 nodos (grafo + bandejas, filtro canonico)
  medidos al digito con src.aduana.senal_similitud_texto: 389 de 389; descartados: 0
  umbral de la casa (config/umbrales.json): 0.35
  LOS 8 VECINOS MAS PROXIMOS, LISTA ORDENADA ENTERA:
    0.3904  [bandeja/grove_high_output] llevar_inventario_proyectos_discrecionales  <-- nacido en esta vuelta
    0.3422  [bandeja/grove_high_output] dimensionar_numero_subordinados_medio_dia_semanal  <-- nacido en esta vuelta
    0.3379  [bandeja/grove_high_output] identificar_paso_limitante_jornada_desfases
    0.3332  [bandeja/grove_high_output] agrupar_tareas_semejantes_aprovechar_preparacion
    0.3254  [bandeja/grove_high_output] decir_no_trabajo_excede_capacidad  <-- nacido en esta vuelta
    0.3140  [bandeja/grove_high_output] usar_calendario_herramienta_planificacion_produccion  <-- nacido en esta vuelta
    0.3068  [bandeja/grove_high_output] delegar_tarea_base_comun_seguimiento
    0.2944  [bandeja/grove_high_output] transmitir_objetivos_prioridades_preferencias
  vecinos por encima del umbral 0.35: 1
==============================================================================
CANDIDATO 2: decir_no_trabajo_excede_capacidad   (10 pasos)
  poblacion barrida: 390 nodos (grafo + bandejas, filtro canonico)
  medidos al digito con src.aduana.senal_similitud_texto: 389 de 389; descartados: 0
  umbral de la casa (config/umbrales.json): 0.35
  LOS 8 VECINOS MAS PROXIMOS, LISTA ORDENADA ENTERA:
    0.3759  [bandeja/grove_high_output] llevar_inventario_proyectos_discrecionales  <-- nacido en esta vuelta
    0.3655  [bandeja/grove_high_output] usar_calendario_herramienta_planificacion_produccion  <-- nacido en esta vuelta
    0.3641  [bandeja/grove_high_output] identificar_paso_limitante_jornada_desfases
    0.3544  [bandeja/grove_high_output] agrupar_tareas_semejantes_aprovechar_preparacion
    0.3276  [bandeja/grove_high_output] delegar_tarea_base_comun_seguimiento
    0.3254  [bandeja/grove_high_output] buscar_regularidad_bloques_iguales_trabajo_mando  <-- nacido en esta vuelta
    0.3087  [bandeja/grove_high_output] programar_visita_area_observar_despachar
    0.3064  [bandeja/grove_high_output] detectar_palanca_negativa_actividad_mando
  vecinos por encima del umbral 0.35: 4
==============================================================================
CANDIDATO 3: dimensionar_numero_subordinados_medio_dia_semanal   (11 pasos)
  poblacion barrida: 390 nodos (grafo + bandejas, filtro canonico)
  medidos al digito con src.aduana.senal_similitud_texto: 389 de 389; descartados: 0
  umbral de la casa (config/umbrales.json): 0.35
  LOS 8 VECINOS MAS PROXIMOS, LISTA ORDENADA ENTERA:
    0.3349  [bandeja/grove_high_output] buscar_regularidad_bloques_iguales_trabajo_mando  <-- nacido en esta vuelta
    0.3268  [bandeja/grove_high_output] llevar_inventario_proyectos_discrecionales  <-- nacido en esta vuelta
    0.2899  [bandeja/grove_high_output] supervisar_tarea_delegada_etapa_menor_valor
    0.2746  [bandeja/grove_high_output] supervisar_decision_delegada_preguntas_concretas
    0.2695  [bandeja/grove_high_output] agrupar_tareas_semejantes_aprovechar_preparacion
    0.2653  [bandeja/grove_high_output] decidir_aceptar_rechazar_material_defectuoso
    0.2653  [bandeja/grove_high_output] decir_no_trabajo_excede_capacidad  <-- nacido en esta vuelta
    0.2608  [bandeja/grove_high_output] delegar_tarea_base_comun_seguimiento
  vecinos por encima del umbral 0.35: 0
==============================================================================
CANDIDATO 4: llevar_inventario_proyectos_discrecionales   (5 pasos)
  poblacion barrida: 390 nodos (grafo + bandejas, filtro canonico)
  medidos al digito con src.aduana.senal_similitud_texto: 389 de 389; descartados: 0
  umbral de la casa (config/umbrales.json): 0.35
  LOS 8 VECINOS MAS PROXIMOS, LISTA ORDENADA ENTERA:
    0.3986  [bandeja/grove_high_output] buscar_regularidad_bloques_iguales_trabajo_mando  <-- nacido en esta vuelta
    0.3935  [bandeja/grove_high_output] identificar_paso_limitante_jornada_desfases
    0.3772  [bandeja/grove_high_output] decir_no_trabajo_excede_capacidad  <-- nacido en esta vuelta
    0.3680  [bandeja/grove_high_output] agrupar_tareas_semejantes_aprovechar_preparacion
    0.3283  [bandeja/grove_high_output] dimensionar_numero_subordinados_medio_dia_semanal  <-- nacido en esta vuelta
    0.3239  [bandeja/grove_high_output] delegar_tarea_base_comun_seguimiento
    0.3145  [bandeja/grove_high_output] archivar_indicadores_resolver_problemas
    0.3100  [bandeja/grove_high_output] transmitir_objetivos_prioridades_preferencias
  vecinos por encima del umbral 0.35: 4
==============================================================================
CANDIDATO 5: usar_calendario_herramienta_planificacion_produccion   (7 pasos)
  poblacion barrida: 390 nodos (grafo + bandejas, filtro canonico)
  medidos al digito con src.aduana.senal_similitud_texto: 389 de 389; descartados: 0
  umbral de la casa (config/umbrales.json): 0.35
  LOS 8 VECINOS MAS PROXIMOS, LISTA ORDENADA ENTERA:
    0.3712  [bandeja/grove_high_output] decir_no_trabajo_excede_capacidad  <-- nacido en esta vuelta
    0.3264  [bandeja/grove_high_output] buscar_regularidad_bloques_iguales_trabajo_mando  <-- nacido en esta vuelta
    0.3219  [bandeja/grove_high_output] reunir_informacion_gerencial_vias_variadas
    0.3121  [bandeja/grove_high_output] identificar_paso_limitante_jornada_desfases
    0.3097  [bandeja/grove_high_output] transmitir_objetivos_prioridades_preferencias
    0.3081  [bandeja/grove_high_output] escalonar_fuentes_informacion_gerencial
    0.2887  [bandeja/grove_high_output] dimensionar_plantilla_administrativa_pronostico
    0.2879  [bandeja/grove_high_output] agrupar_tareas_semejantes_aprovechar_preparacion
  vecinos por encima del umbral 0.35: 1
