==============================================================================
FICHA: buscar_regularidad_bloques_iguales_trabajo_mando
  PASO  1  cita L305
     ficha : Aplica a tu trabajo de mando el siguiente concepto de produccion: ve hacia la regularidad.
     libro : The next important production concept we can apply to managerial work is to strive toward regularity. We could obviously run our breakfast factory more efficiently if customers arrived in a steady and predictable stream rather than dropping in by ones and twos. Though we can’t control our customers’ habits, we should try to smooth out our workload as much as possible. As noted, we should try to ma...
  PASO  2  cita L305
     ficha : Alisa tu carga de trabajo todo lo que puedas, aunque no puedas controlar los habitos de los que te llegan, igual que una fabrica de desayunos iria mas eficiente si los clientes llegaran en un flujo estable y predecible en vez de entrar de uno en uno y de dos en dos.
     libro : The next important production concept we can apply to managerial work is to strive toward regularity. We could obviously run our breakfast factory more efficiently if customers arrived in a steady and predictable stream rather than dropping in by ones and twos. Though we can’t control our customers’ habits, we should try to smooth out our workload as much as possible. As noted, we should try to ma...
  PASO  3  cita L305
     ficha : Haz que tu trabajo de mando tome las caracteristicas de una fabrica y no las de un taller a pedido.
     libro : The next important production concept we can apply to managerial work is to strive toward regularity. We could obviously run our breakfast factory more efficiently if customers arrived in a steady and predictable stream rather than dropping in by ones and twos. Though we can’t control our customers’ habits, we should try to smooth out our workload as much as possible. As noted, we should try to ma...
  PASO  4  cita L305
     ficha : Impide en consecuencia, con todo lo que puedas, los pequenos parones y arranques de tu jornada, y tambien las interrupciones que traen las emergencias grandes.
     libro : The next important production concept we can apply to managerial work is to strive toward regularity. We could obviously run our breakfast factory more efficiently if customers arrived in a steady and predictable stream rather than dropping in by ones and twos. Though we can’t control our customers’ habits, we should try to smooth out our workload as much as possible. As noted, we should try to ma...
  PASO  5  cita L305
     ficha : Busca siempre las fuentes de problemas futuros de prioridad alta abriendo ventanas en la caja negra de tu organizacion, aunque algunas de esas emergencias sean inevitables.
     libro : The next important production concept we can apply to managerial work is to strive toward regularity. We could obviously run our breakfast factory more efficiently if customers arrived in a steady and predictable stream rather than dropping in by ones and twos. Though we can’t control our customers’ habits, we should try to smooth out our workload as much as possible. As noted, we should try to ma...
  PASO  6  cita L305
     ficha : Cuenta con lo que ganas al reconocer que tienes una bomba de relojeria entre manos: puedes atender el problema cuando tu quieras y no despues de que la bomba haya estallado.
     libro : The next important production concept we can apply to managerial work is to strive toward regularity. We could obviously run our breakfast factory more efficiently if customers arrived in a steady and predictable stream rather than dropping in by ones and twos. Though we can’t control our customers’ habits, we should try to smooth out our workload as much as possible. As noted, we should try to ma...
  PASO  7  cita L307
     ficha : Coordina tu trabajo con el de los demas mandos, porque solo puedes ir hacia la regularidad si los otros van tambien.
     libro : But because you must coordinate your work with that of other managers, you can only move toward regularity if others do too. In other words, the same blocks of time must be used for like activities. For example, at Intel Monday mornings have been set aside throughout the corporation as the time when planning groups meet. So anybody who belongs to one can count on Monday for that purpose and be fre...
  PASO  8  cita L307
     ficha : Usa, dicho de otro modo, los mismos bloques de tiempo para las actividades iguales.
     libro : But because you must coordinate your work with that of other managers, you can only move toward regularity if others do too. In other words, the same blocks of time must be used for like activities. For example, at Intel Monday mornings have been set aside throughout the corporation as the time when planning groups meet. So anybody who belongs to one can count on Monday for that purpose and be fre...
  PASO  9  cita L307
     ficha : Toma el ejemplo que el libro da de Intel: las mananas de los lunes se apartaron en toda la empresa como el momento en que se reunen los grupos de planificacion, asi que quien pertenece a uno puede contar con el lunes para eso y queda libre de choques de agenda.
     libro : But because you must coordinate your work with that of other managers, you can only move toward regularity if others do too. In other words, the same blocks of time must be used for like activities. For example, at Intel Monday mornings have been set aside throughout the corporation as the time when planning groups meet. So anybody who belongs to one can count on Monday for that purpose and be fre...

==============================================================================
FICHA: decir_no_trabajo_excede_capacidad
  PASO  1  cita L277
     ficha : Aplica aqui otro principio de produccion: la gente de fabricacion se fia de sus indicadores y no deja que el material empiece su recorrido por la fabrica si cree que ya esta operando a plena capacidad.
     libro : Another production principle can be applied here. Because manufacturing people trust their indicators, they won’t allow material to begin its journey through the factory if they think it is already operating at capacity. If they did, material might go halfway through and back up behind a bottleneck. Instead, factory managers say “no” at the outset and keep the start level from overloading the syst...
  PASO  2  cita L277
     ficha : Cuenta con el motivo: si lo dejaran, el material podria llegar hasta la mitad del recorrido y acumularse detras de un cuello de botella.
     libro : Another production principle can be applied here. Because manufacturing people trust their indicators, they won’t allow material to begin its journey through the factory if they think it is already operating at capacity. If they did, material might go halfway through and back up behind a bottleneck. Instead, factory managers say “no” at the outset and keep the start level from overloading the syst...
  PASO  3  cita L277
     ficha : Haz lo que hacen los jefes de fabrica: di que no de salida y evita que el nivel de entrada sobrecargue el sistema.
     libro : Another production principle can be applied here. Because manufacturing people trust their indicators, they won’t allow material to begin its journey through the factory if they think it is already operating at capacity. If they did, material might go halfway through and back up behind a bottleneck. Instead, factory managers say “no” at the outset and keep the start level from overloading the syst...
  PASO  4  cita L277
     ficha : Cuenta con que a otras clases de mando esto les resulta dificil de aplicar porque sus indicadores de capacidad no estan tan asentados ni son tan creibles.
     libro : Another production principle can be applied here. Because manufacturing people trust their indicators, they won’t allow material to begin its journey through the factory if they think it is already operating at capacity. If they did, material might go halfway through and back up behind a bottleneck. Instead, factory managers say “no” at the outset and keep the start level from overloading the syst...
  PASO  5  cita L277
     ficha : Preguntate cuanto tiempo necesitas para leer tu correo, para escribir tus informes o para reunirte con un colega: puede que no lo sepas con precision, pero seguro que tienes una idea del tiempo que hace falta.
     libro : Another production principle can be applied here. Because manufacturing people trust their indicators, they won’t allow material to begin its journey through the factory if they think it is already operating at capacity. If they did, material might go halfway through and back up behind a bottleneck. Instead, factory managers say “no” at the outset and keep the start level from overloading the syst...
  PASO  6  cita L277
     ficha : Explota esa idea tuya para programar tu trabajo.
     libro : Another production principle can be applied here. Because manufacturing people trust their indicators, they won’t allow material to begin its journey through the factory if they think it is already operating at capacity. If they did, material might go halfway through and back up behind a bottleneck. Instead, factory managers say “no” at the outset and keep the start level from overloading the syst...
  PASO  7  cita L279
     ficha : Acepta la segunda de las dos responsabilidades que el libro numera: di que no de salida al trabajo que este por encima de tu capacidad de atenderlo.
     libro : To use your calendar as a production-planning tool, you must accept responsibility for two things:
  PASO  8  cita L285
     ficha : Dilo antes y no despues, porque esperar a que algo alcance una etapa de mayor valor y abortarlo entonces por falta de capacidad significa perder mas dinero y mas tiempo.
     libro : It is important to say “no” earlier rather than later because we’ve learned that to wait until something reaches a higher value stage and then abort due to lack of capacity means losing more money and time. You can obviously say “no” either explicitly or implicitly, because by not delivering you end up saying what amounts to “no.” Remember too that your time is your one finite resource, and when y...
  PASO  9  cita L285
     ficha : Cuenta con que puedes decir que no de forma explicita o de forma implicita, porque al no entregar acabas diciendo algo que equivale a un no.
     libro : It is important to say “no” earlier rather than later because we’ve learned that to wait until something reaches a higher value stage and then abort due to lack of capacity means losing more money and time. You can obviously say “no” either explicitly or implicitly, because by not delivering you end up saying what amounts to “no.” Remember too that your time is your one finite resource, and when y...
  PASO 10  cita L285
     ficha : Recuerda ademas que tu tiempo es tu unico recurso finito, y que cuando dices que si a una cosa estas diciendo inevitablemente que no a otra.
     libro : It is important to say “no” earlier rather than later because we’ve learned that to wait until something reaches a higher value stage and then abort due to lack of capacity means losing more money and time. You can obviously say “no” either explicitly or implicitly, because by not delivering you end up saying what amounts to “no.” Remember too that your time is your one finite resource, and when y...

==============================================================================
FICHA: dimensionar_numero_subordinados_medio_dia_semanal
  PASO  1  cita L295
     ficha : Cuenta cuantos subordinados tienes, porque su numero es un componente importante de la palanca de un mando: si no tienes bastantes tu palanca baja, y si tienes demasiados te atascas, con el mismo resultado.
     libro : An important component of managerial leverage is the number of subordinates a manager has. If he does not have enough, his leverage is obviously reduced. If he has too many, he gets bogged down—with the same result. As a rule of thumb, a manager whose work is largely supervisory should have six to eight subordinates; three or four are too few and ten are too many. This range comes from a guideline...
  PASO  2  cita L295
     ficha : Toma como regla de andar por casa que un mando cuyo trabajo es en su mayor parte de supervision deberia tener de seis a ocho subordinados: tres o cuatro son demasiado pocos y diez son demasiados.
     libro : An important component of managerial leverage is the number of subordinates a manager has. If he does not have enough, his leverage is obviously reduced. If he has too many, he gets bogged down—with the same result. As a rule of thumb, a manager whose work is largely supervisory should have six to eight subordinates; three or four are too few and ten are too many. This range comes from a guideline...
  PASO  3  cita L295
     ficha : Saca esa horquilla de la guia de la que viene: dedica alrededor de medio dia por semana a cada uno de tus subordinados.
     libro : An important component of managerial leverage is the number of subordinates a manager has. If he does not have enough, his leverage is obviously reduced. If he has too many, he gets bogged down—with the same result. As a rule of thumb, a manager whose work is largely supervisory should have six to eight subordinates; three or four are too few and ten are too many. This range comes from a guideline...
  PASO  4  cita L295
     ficha : Contrasta esa guia por sus dos extremos: dos dias por semana y por subordinado llevarian probablemente a meterte en su trabajo, y una hora por semana no da oportunidad suficiente de supervisarlo.
     libro : An important component of managerial leverage is the number of subordinates a manager has. If he does not have enough, his leverage is obviously reduced. If he has too many, he gets bogged down—with the same result. As a rule of thumb, a manager whose work is largely supervisory should have six to eight subordinates; three or four are too few and ten are too many. This range comes from a guideline...
  PASO  5  cita L297
     ficha : Aplica la regla de seis a ocho al mando clasicamente jerarquico, cuyo trabajo principal es la supervision de otros.
     libro : The six to eight rule is right for the classically hierarchical manager whose primary work is the supervision of others. What about a know-how manager, the middle manager who mainly supplies expertise and information? Even if he works without a single subordinate, servicing a number of varied “customers” as an internal consultant can in itself be a full-time job. In fact, anyone who spends about a...
  PASO  6  cita L297
     ficha : Cuenta con que un mando de saber hacer, el mando intermedio que sobre todo aporta pericia e informacion, puede tener una jornada completa atendiendo a varios clientes internos como consultor interno aunque no tenga ni un solo subordinado.
     libro : The six to eight rule is right for the classically hierarchical manager whose primary work is the supervision of others. What about a know-how manager, the middle manager who mainly supplies expertise and information? Even if he works without a single subordinate, servicing a number of varied “customers” as an internal consultant can in itself be a full-time job. In fact, anyone who spends about a...
  PASO  7  cita L297
     ficha : Cuenta como equivalente de un subordinado a cada dedicacion de alrededor de medio dia por semana como miembro de un grupo de planificacion, de asesoria o de coordinacion.
     libro : The six to eight rule is right for the classically hierarchical manager whose primary work is the supervision of others. What about a know-how manager, the middle manager who mainly supplies expertise and information? Even if he works without a single subordinate, servicing a number of varied “customers” as an internal consultant can in itself be a full-time job. In fact, anyone who spends about a...
  PASO  8  cita L297
     ficha : Si eres a la vez supervisor jerarquico y proveedor de saber hacer, intenta tener un total de seis a ocho subordinados o sus equivalentes.
     libro : The six to eight rule is right for the classically hierarchical manager whose primary work is the supervision of others. What about a know-how manager, the middle manager who mainly supplies expertise and information? Even if he works without a single subordinate, servicing a number of varied “customers” as an internal consultant can in itself be a full-time job. In fact, anyone who spends about a...
  PASO  9  cita L299
     ficha : Cuando el negocio este organizado de forma que ese reparto ideal sea dificil de alcanzar, como en la planta que solo tiene una seccion de ingenieria y una de produccion, elige actuar tu como uno de los dos subordinados y haz de jefe de una de las dos secciones.
     libro : Sometimes a business is organized in a way that makes the ideal fan-out of six to eight subordinates hard to reach. A manufacturing plant, for example, may have an engineering section and a production section, in which case the plant manager would only have two people reporting directly to him. The manager might then choose to “act” as one of the two subordinates, choosing to be his own engineerin...
  PASO 10  cita L299
     ficha : Comprueba lo que ese arreglo te deja: el jefe de la otra seccion te sigue reportando y has sumado a las personas que reportarian al jefe de la seccion que asumiste, y colocalo de forma que esas personas no aparezcan al mismo nivel de organizacion que el jefe que ya estaba, porque se lo tomaria a mal.
     libro : Sometimes a business is organized in a way that makes the ideal fan-out of six to eight subordinates hard to reach. A manufacturing plant, for example, may have an engineering section and a production section, in which case the plant manager would only have two people reporting directly to him. The manager might then choose to “act” as one of the two subordinates, choosing to be his own engineerin...
  PASO 11  cita L301
     ficha : Cuenta con lo que ese arreglo evita: que el jefe de planta se vea empujado a la jubilacion en el puesto o a meterse en el trabajo de otros.
     libro : This arrangement will avoid forcing the plant manager either into on-the-job retirement or into meddling.

==============================================================================
FICHA: llevar_inventario_proyectos_discrecionales
  PASO  1  cita L289
     ficha : Aplica aqui un principio de produccion que es casi el contrario del anterior: lleva, como mando, un inventario de materia prima en forma de proyectos.
     libro : Another production principle is very nearly the opposite. A manager should carry a raw material inventory in terms of projects. This is not to be confused with his work-in-process inventory, because that, like eggs in a continuous boiler, tends to spoil or become obsolete over time. Instead this inventory should consist of things you need to do but don’t need to finish right away—discretionary pro...
  PASO  2  cita L289
     ficha : No lo confundas con tu inventario de trabajo en curso, porque ese, como los huevos en un hervidor continuo, tiende a estropearse o a quedarse obsoleto con el tiempo.
     libro : Another production principle is very nearly the opposite. A manager should carry a raw material inventory in terms of projects. This is not to be confused with his work-in-process inventory, because that, like eggs in a continuous boiler, tends to spoil or become obsolete over time. Instead this inventory should consist of things you need to do but don’t need to finish right away—discretionary pro...
  PASO  3  cita L289
     ficha : Mete en ese inventario cosas que necesitas hacer pero que no necesitas terminar de inmediato.
     libro : Another production principle is very nearly the opposite. A manager should carry a raw material inventory in terms of projects. This is not to be confused with his work-in-process inventory, because that, like eggs in a continuous boiler, tends to spoil or become obsolete over time. Instead this inventory should consist of things you need to do but don’t need to finish right away—discretionary pro...
  PASO  4  cita L289
     ficha : O sea proyectos discrecionales, de la clase en la que el mando puede trabajar para subir la productividad de su grupo a largo plazo.
     libro : Another production principle is very nearly the opposite. A manager should carry a raw material inventory in terms of projects. This is not to be confused with his work-in-process inventory, because that, like eggs in a continuous boiler, tends to spoil or become obsolete over time. Instead this inventory should consist of things you need to do but don’t need to finish right away—discretionary pro...
  PASO  5  cita L289
     ficha : Cuenta con lo que pasa si no lo llevas: un mando sin ese inventario de proyectos lo mas probable es que use su tiempo libre metiendose en el trabajo de sus subordinados.
     libro : Another production principle is very nearly the opposite. A manager should carry a raw material inventory in terms of projects. This is not to be confused with his work-in-process inventory, because that, like eggs in a continuous boiler, tends to spoil or become obsolete over time. Instead this inventory should consist of things you need to do but don’t need to finish right away—discretionary pro...

==============================================================================
FICHA: usar_calendario_herramienta_planificacion_produccion
  PASO  1  cita L273
     ficha : Deja de llevar tu trabajo como un taller a pedido, que atiende a cualquier cliente que entra, y llevalo como una fabrica, que se rige por pronostico y no por el pedido individual.
     libro : What makes running a factory different from running a job shop? The latter is prepared to service any customer who drops in; the owner handles the job required and moves on to the next one. A factory, on the other hand, is usually run by forecast and not by individual order. From my experience a large portion of managerial work can be forecasted. Accordingly, forecasting those things you can and s...
  PASO  2  cita L273
     ficha : Cuenta con que una gran parte del trabajo de mando se puede pronosticar.
     libro : What makes running a factory different from running a job shop? The latter is prepared to service any customer who drops in; the owner handles the job required and moves on to the next one. A factory, on the other hand, is usually run by forecast and not by individual order. From my experience a large portion of managerial work can be forecasted. Accordingly, forecasting those things you can and s...
  PASO  3  cita L273
     ficha : Pronostica las cosas que puedas y preparate para hacerlas, que es sentido comun y es una via importante para reducir la sensacion y la realidad de fragmentacion del trabajo de mando.
     libro : What makes running a factory different from running a job shop? The latter is prepared to service any customer who drops in; the owner handles the job required and moves on to the next one. A factory, on the other hand, is usually run by forecast and not by individual order. From my experience a large portion of managerial work can be forecasted. Accordingly, forecasting those things you can and s...
  PASO  4  cita L275
     ficha : Usa como medio de ese pronostico algo muy simple: tu calendario.
     libro : What is the medium of a manager’s forecast? It is something very simple: his calendar. Most people use their calendars as a repository of “orders” that come in. Someone throws an order to a manager for his time, and it automatically shows up on his calendar. This is mindless passivity. To gain better control of his time, the manager should use his calendar as a “production” planning tool, taking a...
  PASO  5  cita L275
     ficha : Deja de usarlo como el deposito de los encargos que llegan, donde alguien lanza un encargo para tu tiempo y aparece solo en tu calendario, porque eso es pasividad sin cabeza.
     libro : What is the medium of a manager’s forecast? It is something very simple: his calendar. Most people use their calendars as a repository of “orders” that come in. Someone throws an order to a manager for his time, and it automatically shows up on his calendar. This is mindless passivity. To gain better control of his time, the manager should use his calendar as a “production” planning tool, taking a...
  PASO  6  cita L275
     ficha : Usalo en cambio como herramienta de planificacion de produccion, tomando una iniciativa firme para programar el trabajo que no es critico en tiempo entre los pasos limitantes de la jornada.
     libro : What is the medium of a manager’s forecast? It is something very simple: his calendar. Most people use their calendars as a repository of “orders” that come in. Someone throws an order to a manager for his time, and it automatically shows up on his calendar. This is mindless passivity. To gain better control of his time, the manager should use his calendar as a “production” planning tool, taking a...
  PASO  7  cita L279
     ficha : Acepta para ello la primera de las dos responsabilidades que el libro numera: ve hacia un uso activo de tu calendario, tomando la iniciativa de llenar los huecos entre los acontecimientos criticos en tiempo con actividades que no lo son y que sin embargo son necesarias.
     libro : To use your calendar as a production-planning tool, you must accept responsibility for two things:

pasos impresos junto a su renglon: 42
