buscar_regularidad_bloques_iguales_trabajo_mando     2 de  9 pasos abren declarando
      paso  6: Cuenta con lo que ganas al reconocer que tienes una bomba de relojeria entre manos: puedes...
      paso  9: Toma el ejemplo que el libro da de Intel: las mananas de los lunes se apartaron en toda la...
decir_no_trabajo_excede_capacidad                    6 de 10 pasos abren declarando
      paso  2: Cuenta con el motivo: si lo dejaran, el material podria llegar hasta la mitad del recorrid...
      paso  4: Cuenta con que a otras clases de mando esto les resulta dificil de aplicar porque sus indi...
      paso  5: Preguntate cuanto tiempo necesitas para leer tu correo, para escribir tus informes o para ...
      paso  7: Acepta la segunda de las dos responsabilidades que el libro numera: di que no de salida al...
      paso  9: Cuenta con que puedes decir que no de forma explicita o de forma implicita, porque al no e...
      paso 10: Recuerda ademas que tu tiempo es tu unico recurso finito, y que cuando dices que si a una ...
dimensionar_numero_subordinados_medio_dia_semanal    3 de 11 pasos abren declarando
      paso  6: Cuenta con que un mando de saber hacer, el mando intermedio que sobre todo aporta pericia ...
      paso 10: Comprueba lo que ese arreglo te deja: el jefe de la otra seccion te sigue reportando y has...
      paso 11: Cuenta con lo que ese arreglo evita: que el jefe de planta se vea empujado a la jubilacion...
llevar_inventario_proyectos_discrecionales           1 de  5 pasos abren declarando
      paso  5: Cuenta con lo que pasa si no lo llevas: un mando sin ese inventario de proyectos lo mas pr...
usar_calendario_herramienta_planificacion_produccion 2 de  7 pasos abren declarando
      paso  2: Cuenta con que una gran parte del trabajo de mando se puede pronosticar....
      paso  7: Acepta para ello la primera de las dos responsabilidades que el libro numera: ve hacia un ...

TOTAL de la tanda de la vuelta 48: 14 de 42 pasos abren declarando y no ejecutando
